<?xml version="1.0"?>

<root available-locales="fr_FR,ru_RU" default-locale="fr_FR">
	<dynamic-element name="title" index="0" type="text_box" index-type="keyword">
		<dynamic-content language-id="fr_FR"><![CDATA[title]]></dynamic-content>
		<dynamic-content language-id="ru_RU"><![CDATA[title]]></dynamic-content>
	</dynamic-element>
	<dynamic-element name="fontColor" index="0" type="list" index-type="keyword">
		<dynamic-content language-id="fr_FR"><![CDATA[fontColor]]></dynamic-content>
		<dynamic-content language-id="ru_RU"><![CDATA[fontColor]]></dynamic-content>
	</dynamic-element>
	<dynamic-element name="entry" index="0" type="text_box" index-type="keyword">
		<dynamic-element name="icon" index="0" type="list" index-type="keyword">
			<dynamic-content language-id="fr_FR"><![CDATA[entry0icon]]></dynamic-content>
			<dynamic-content language-id="ru_RU"><![CDATA[entry0icon]]></dynamic-content>
		</dynamic-element>
		<dynamic-element name="text" index="0" type="text_box" index-type="keyword">
			<dynamic-content language-id="fr_FR"><![CDATA[entry0text]]></dynamic-content>
			<dynamic-content language-id="ru_RU"><![CDATA[entry0text]]></dynamic-content>
		</dynamic-element>
		<dynamic-content language-id="fr_FR"><![CDATA[entry0]]></dynamic-content>
		<dynamic-content language-id="ru_RU"><![CDATA[entry0]]></dynamic-content>
	</dynamic-element>
	<dynamic-element name="entry" index="1" type="text_box" index-type="keyword">
		<dynamic-element name="icon" index="0" type="list" index-type="keyword">
			<dynamic-content language-id="fr_FR"><![CDATA[entry1icon]]></dynamic-content>
			<dynamic-content language-id="ru_RU"><![CDATA[entry1icon]]></dynamic-content>
		</dynamic-element>
		<dynamic-element name="text" index="0" type="text_box" index-type="keyword">
			<dynamic-content language-id="fr_FR"><![CDATA[entry1text]]></dynamic-content>
			<dynamic-content language-id="ru_RU"><![CDATA[entry1text]]></dynamic-content>
		</dynamic-element>
		<dynamic-content language-id="fr_FR"><![CDATA[entry1]]></dynamic-content>
		<dynamic-content language-id="ru_RU"><![CDATA[entry1]]></dynamic-content>	</dynamic-element>
	<dynamic-element name="entry" index="2" type="text_box" index-type="keyword">
		<dynamic-element name="icon" index="0" type="list" index-type="keyword">
			<dynamic-content language-id="fr_FR"><![CDATA[entry2icon]]></dynamic-content>
			<dynamic-content language-id="ru_RU"><![CDATA[entry2icon]]></dynamic-content>
		</dynamic-element>
		<dynamic-element name="text" index="0" type="text_box" index-type="keyword">
			<dynamic-content language-id="fr_FR"><![CDATA[entry2text]]></dynamic-content>
			<dynamic-content language-id="ru_RU"><![CDATA[entry2text]]></dynamic-content>
		</dynamic-element>
		<dynamic-content language-id="fr_FR"><![CDATA[entry2]]></dynamic-content>
		<dynamic-content language-id="ru_RU"><![CDATA[entry2]]></dynamic-content>
	</dynamic-element>
</root>